Component: ARM Compiler 5.05 update 1 (build 106) Tool: armlink [4d0efa]

==============================================================================

Section Cross References

    main.o(i.find_image_crc) refers to crc16.o(i.crc16_compute) for crc16_compute
    main.o(i.main) refers to main.o(i.nrf_gpio_pin_clear) for nrf_gpio_pin_clear
    main.o(i.main) refers to dfu_spi_master_lib.o(i.dfu_spi_init) for dfu_spi_init
    main.o(i.main) refers to nrf_delay.o(i.nrf_delay_ms) for nrf_delay_ms
    main.o(i.main) refers to main.o(i.nrf_gpio_pin_set) for nrf_gpio_pin_set
    main.o(i.main) refers to main.o(i.test_update) for test_update
    main.o(i.test_update) refers to main.o(i.get_rand_num) for get_rand_num
    main.o(i.test_update) refers to main.o(i.nrf_gpio_pin_clear) for nrf_gpio_pin_clear
    main.o(i.test_update) refers to main.o(i.find_image_size) for find_image_size
    main.o(i.test_update) refers to main.o(i.find_image_crc) for find_image_crc
    main.o(i.test_update) refers to crc16.o(i.crc16_compute) for crc16_compute
    main.o(i.test_update) refers to dfu_spi_master_lib.o(i.dfu_spi_send_start_packet) for dfu_spi_send_start_packet
    main.o(i.test_update) refers to nrf_delay.o(i.nrf_delay_ms) for nrf_delay_ms
    main.o(i.test_update) refers to memcpya.o(.text) for __aeabi_memcpy4
    main.o(i.test_update) refers to dfu_spi_master_lib.o(i.dfu_spi_send_init_packet) for dfu_spi_send_init_packet
    main.o(i.test_update) refers to dfu_spi_master_lib.o(i.dfu_spi_send_data_packet) for dfu_spi_send_data_packet
    main.o(i.test_update) refers to dfu_spi_master_lib.o(i.dfu_spi_send_stop_packet) for dfu_spi_send_stop_packet
    main.o(i.test_update) refers to main.o(i.nrf_gpio_pin_set) for nrf_gpio_pin_set
    main.o(i.test_update) refers to main.o(.data) for random_number
    main.o(i.test_update) refers to main.o(.constdata) for .constdata
    main.o(.constdata) refers to dfu_spi_master_lib.o(.data) for softdevice_list_default
    dfu_spi_master_lib.o(i.dfu_spi_init) refers to dfu_spi_master_lib.o(i.spi_init) for spi_init
    dfu_spi_master_lib.o(i.dfu_spi_send_data_packet) refers to spi_master_com_interface.o(i.spi_master_com_busy) for spi_master_com_busy
    dfu_spi_master_lib.o(i.dfu_spi_send_data_packet) refers to memcpya.o(.text) for __aeabi_memcpy
    dfu_spi_master_lib.o(i.dfu_spi_send_data_packet) refers to spi_master_com_interface.o(i.spi_master_com_tx) for spi_master_com_tx
    dfu_spi_master_lib.o(i.dfu_spi_send_data_packet) refers to dfu_spi_master_lib.o(.bss) for m_spi_master_tx_buffer
    dfu_spi_master_lib.o(i.dfu_spi_send_init_packet) refers to spi_master_com_interface.o(i.spi_master_com_busy) for spi_master_com_busy
    dfu_spi_master_lib.o(i.dfu_spi_send_init_packet) refers to memcpya.o(.text) for __aeabi_memcpy
    dfu_spi_master_lib.o(i.dfu_spi_send_init_packet) refers to spi_master_com_interface.o(i.spi_master_com_tx) for spi_master_com_tx
    dfu_spi_master_lib.o(i.dfu_spi_send_init_packet) refers to dfu_spi_master_lib.o(.bss) for m_spi_master_tx_buffer
    dfu_spi_master_lib.o(i.dfu_spi_send_start_packet) refers to spi_master_com_interface.o(i.spi_master_com_busy) for spi_master_com_busy
    dfu_spi_master_lib.o(i.dfu_spi_send_start_packet) refers to memcpya.o(.text) for __aeabi_memcpy
    dfu_spi_master_lib.o(i.dfu_spi_send_start_packet) refers to spi_master_com_interface.o(i.spi_master_com_tx) for spi_master_com_tx
    dfu_spi_master_lib.o(i.dfu_spi_send_start_packet) refers to dfu_spi_master_lib.o(.bss) for m_spi_master_tx_buffer
    dfu_spi_master_lib.o(i.dfu_spi_send_stop_packet) refers to spi_master_com_interface.o(i.spi_master_com_busy) for spi_master_com_busy
    dfu_spi_master_lib.o(i.dfu_spi_send_stop_packet) refers to spi_master_com_interface.o(i.spi_master_com_tx) for spi_master_com_tx
    dfu_spi_master_lib.o(i.dfu_spi_send_stop_packet) refers to dfu_spi_master_lib.o(.bss) for m_spi_master_tx_buffer
    dfu_spi_master_lib.o(i.spi_init) refers to spi_master_com_interface.o(i.spi_master_com_init) for spi_master_com_init
    nrf_soc.o(i.sd_nvic_SetPriority) refers to nrf_soc.o(i.NVIC_SetPriority) for NVIC_SetPriority
    nrf_soc.o(i.sd_nvic_critical_region_enter) refers to nrf_soc.o(.data) for m_in_critical_region
    nrf_soc.o(i.sd_nvic_critical_region_exit) refers to nrf_soc.o(.data) for m_in_critical_region
    spi_master_com_interface.o(i.send_single_packet) refers to memcpya.o(.text) for __aeabi_memcpy
    spi_master_com_interface.o(i.send_single_packet) refers to memseta.o(.text) for __aeabi_memclr
    spi_master_com_interface.o(i.send_single_packet) refers to crc16.o(i.crc16_compute) for crc16_compute
    spi_master_com_interface.o(i.send_single_packet) refers to spi_master_com_interface.o(i.nrf_gpio_pin_set) for nrf_gpio_pin_set
    spi_master_com_interface.o(i.send_single_packet) refers to spi_master.o(i.spi_master_send_recv) for spi_master_send_recv
    spi_master_com_interface.o(i.send_single_packet) refers to spi_master_com_interface.o(.data) for m_spim_com_tx_packet_length
    spi_master_com_interface.o(i.send_single_packet) refers to spi_master_com_interface.o(.bss) for spim_com_tx_transaction
    spi_master_com_interface.o(i.spi_master_com_busy) refers to spi_master_com_interface.o(.data) for m_spi_master_busy
    spi_master_com_interface.o(i.spi_master_com_init) refers to memcpya.o(.text) for __aeabi_memcpy4
    spi_master_com_interface.o(i.spi_master_com_init) refers to spi_master_com_interface.o(i.nrf_gpio_pin_set) for nrf_gpio_pin_set
    spi_master_com_interface.o(i.spi_master_com_init) refers to nrf_delay.o(i.nrf_delay_ms) for nrf_delay_ms
    spi_master_com_interface.o(i.spi_master_com_init) refers to spi_master.o(i.spi_master_open) for spi_master_open
    spi_master_com_interface.o(i.spi_master_com_init) refers to spi_master.o(i.spi_master_evt_handler_reg) for spi_master_evt_handler_reg
    spi_master_com_interface.o(i.spi_master_com_init) refers to spi_master_com_interface.o(.constdata) for .constdata
    spi_master_com_interface.o(i.spi_master_com_init) refers to spi_master_com_interface.o(.data) for m_spim_com_pin_rdyn
    spi_master_com_interface.o(i.spi_master_com_init) refers to spi_master_com_interface.o(i.spi_master_event_handler) for spi_master_event_handler
    spi_master_com_interface.o(i.spi_master_com_tx) refers to spi_master_com_interface.o(i.send_single_packet) for send_single_packet
    spi_master_com_interface.o(i.spi_master_com_tx) refers to spi_master_com_interface.o(.data) for m_spi_master_busy
    spi_master_com_interface.o(i.spi_master_com_tx) refers to spi_master_com_interface.o(.bss) for spim_com_tx_transaction
    spi_master_com_interface.o(i.spi_master_event_handler) refers to spi_master_com_interface.o(i.send_single_packet) for send_single_packet
    spi_master_com_interface.o(i.spi_master_event_handler) refers to spi_master_com_interface.o(.data) for m_spim_com_tx_packet_fragment_num
    nrf_delay.o(i.nrf_delay_ms) refers to nrf_delay.o(.emb_text) for __asm___11_nrf_delay_c_532987f3__nrf_delay_us
    spi_master.o(i.SPI0_TWI0_IRQHandler) refers to spi_master.o(i.spi_master_get_instance) for spi_master_get_instance
    spi_master.o(i.SPI0_TWI0_IRQHandler) refers to spi_master.o(i.spi_master_send_recv_irq) for spi_master_send_recv_irq
    spi_master.o(i.spi_master_buffer_init) refers to app_error.o(i.app_error_handler) for app_error_handler
    spi_master.o(i.spi_master_buffer_release) refers to app_error.o(i.app_error_handler) for app_error_handler
    spi_master.o(i.spi_master_close) refers to spi_master.o(i.spi_master_get_instance) for spi_master_get_instance
    spi_master.o(i.spi_master_close) refers to app_error.o(i.app_error_handler) for app_error_handler
    spi_master.o(i.spi_master_close) refers to nrf_soc.o(i.sd_nvic_ClearPendingIRQ) for sd_nvic_ClearPendingIRQ
    spi_master.o(i.spi_master_close) refers to nrf_soc.o(i.sd_nvic_DisableIRQ) for sd_nvic_DisableIRQ
    spi_master.o(i.spi_master_close) refers to spi_master.o(i.nrf_gpio_pin_set) for nrf_gpio_pin_set
    spi_master.o(i.spi_master_close) refers to spi_master.o(i.nrf_gpio_cfg_input) for nrf_gpio_cfg_input
    spi_master.o(i.spi_master_close) refers to spi_master.o(i.spi_master_init_hw_instance) for spi_master_init_hw_instance
    spi_master.o(i.spi_master_get_instance) refers to spi_master.o(.bss) for m_spi_master_instances
    spi_master.o(i.spi_master_init_hw_instance) refers to app_error.o(i.app_error_handler) for app_error_handler
    spi_master.o(i.spi_master_open) refers to spi_master.o(i.spi_master_get_instance) for spi_master_get_instance
    spi_master.o(i.spi_master_open) refers to app_error.o(i.app_error_handler) for app_error_handler
    spi_master.o(i.spi_master_open) refers to spi_master.o(i.spi_master_init_hw_instance) for spi_master_init_hw_instance
    spi_master.o(i.spi_master_open) refers to spi_master.o(i.nrf_gpio_pin_set) for nrf_gpio_pin_set
    spi_master.o(i.spi_master_open) refers to spi_master.o(i.nrf_gpio_cfg_output) for nrf_gpio_cfg_output
    spi_master.o(i.spi_master_open) refers to spi_master.o(i.nrf_gpio_cfg_input) for nrf_gpio_cfg_input
    spi_master.o(i.spi_master_open) refers to nrf_soc.o(i.sd_nvic_ClearPendingIRQ) for sd_nvic_ClearPendingIRQ
    spi_master.o(i.spi_master_open) refers to nrf_soc.o(i.sd_nvic_SetPriority) for sd_nvic_SetPriority
    spi_master.o(i.spi_master_open) refers to nrf_soc.o(i.sd_nvic_EnableIRQ) for sd_nvic_EnableIRQ
    spi_master.o(i.spi_master_send_initial_bytes) refers to app_error.o(i.app_error_handler) for app_error_handler
    spi_master.o(i.spi_master_send_recv) refers to spi_master.o(i.spi_master_get_instance) for spi_master_get_instance
    spi_master.o(i.spi_master_send_recv) refers to app_error.o(i.app_error_handler) for app_error_handler
    spi_master.o(i.spi_master_send_recv) refers to nrf_soc.o(i.sd_nvic_critical_region_enter) for sd_nvic_critical_region_enter
    spi_master.o(i.spi_master_send_recv) refers to nrf_soc.o(i.sd_nvic_DisableIRQ) for sd_nvic_DisableIRQ
    spi_master.o(i.spi_master_send_recv) refers to spi_master.o(i.spi_master_buffer_init) for spi_master_buffer_init
    spi_master.o(i.spi_master_send_recv) refers to spi_master.o(i.spi_master_send_initial_bytes) for spi_master_send_initial_bytes
    spi_master.o(i.spi_master_send_recv) refers to nrf_soc.o(i.sd_nvic_critical_region_exit) for sd_nvic_critical_region_exit
    spi_master.o(i.spi_master_send_recv) refers to nrf_soc.o(i.sd_nvic_EnableIRQ) for sd_nvic_EnableIRQ
    spi_master.o(i.spi_master_send_recv_irq) refers to app_error.o(i.app_error_handler) for app_error_handler
    spi_master.o(i.spi_master_send_recv_irq) refers to spi_master.o(i.spi_master_signal_evt) for spi_master_signal_evt
    spi_master.o(i.spi_master_send_recv_irq) refers to spi_master.o(i.nrf_gpio_pin_set) for nrf_gpio_pin_set
    spi_master.o(i.spi_master_send_recv_irq) refers to spi_master.o(i.spi_master_buffer_release) for spi_master_buffer_release
    spi_master.o(i.spi_master_signal_evt) refers to app_error.o(i.app_error_handler) for app_error_handler
    spi_master.o(i.spi_master_signal_evt) refers to spi_master.o(.constdata) for .constdata
    arm_startup_nrf51.o(RESET) refers to arm_startup_nrf51.o(STACK) for __initial_sp
    arm_startup_nrf51.o(RESET) refers to arm_startup_nrf51.o(.text) for Reset_Handler
    arm_startup_nrf51.o(RESET) refers to spi_master.o(i.SPI0_TWI0_IRQHandler) for SPI0_TWI0_IRQHandler
    arm_startup_nrf51.o(.text) refers to system_nrf51.o(i.SystemInit) for SystemInit
    arm_startup_nrf51.o(.text) refers to entry.o(.ARM.Collect$$$$00000000) for __main
    system_nrf51.o(i.SystemCoreClockUpdate) refers to system_nrf51.o(.data) for SystemCoreClock
    system_nrf51.o(i.SystemInit) refers to system_nrf51.o(i.is_manual_peripheral_setup_needed) for is_manual_peripheral_setup_needed
    system_nrf51.o(i.SystemInit) refers to system_nrf51.o(i.is_disabled_in_debug_needed) for is_disabled_in_debug_needed
    entry.o(.ARM.Collect$$$$00000000) refers (Special) to entry10a.o(.ARM.Collect$$$$0000000D) for __rt_final_cpp
    entry.o(.ARM.Collect$$$$00000000) refers (Special) to entry11a.o(.ARM.Collect$$$$0000000F) for __rt_final_exit
    entry.o(.ARM.Collect$$$$00000000) refers (Special) to entry7b.o(.ARM.Collect$$$$00000008) for _main_clock
    entry.o(.ARM.Collect$$$$00000000) refers (Special) to entry8b.o(.ARM.Collect$$$$0000000A) for _main_cpp_init
    entry.o(.ARM.Collect$$$$00000000) refers (Special) to entry9a.o(.ARM.Collect$$$$0000000B) for _main_init
    entry.o(.ARM.Collect$$$$00000000) refers (Special) to entry5.o(.ARM.Collect$$$$00000004) for _main_scatterload
    entry.o(.ARM.Collect$$$$00000000) refers (Special) to entry2.o(.ARM.Collect$$$$00000001) for _main_stk
    entry2.o(.ARM.Collect$$$$00000001) refers to entry2.o(.ARM.Collect$$$$00002712) for __lit__00000000
    entry2.o(.ARM.Collect$$$$00002712) refers to arm_startup_nrf51.o(STACK) for __initial_sp
    entry2.o(__vectab_stack_and_reset_area) refers to arm_startup_nrf51.o(STACK) for __initial_sp
    entry2.o(__vectab_stack_and_reset_area) refers to entry.o(.ARM.Collect$$$$00000000) for __main
    entry5.o(.ARM.Collect$$$$00000004) refers to init.o(.text) for __scatterload
    entry9a.o(.ARM.Collect$$$$0000000B) refers to main.o(i.main) for main
    entry9b.o(.ARM.Collect$$$$0000000C) refers to main.o(i.main) for main
    init.o(.text) refers to entry5.o(.ARM.Collect$$$$00000004) for __main_after_scatterload
    spi_master.o(i.spi_master_get_state) refers to spi_master.o(i.spi_master_get_instance) for spi_master_get_instance
    spi_master.o(i.spi_master_get_state) refers to app_error.o(i.app_error_handler) for app_error_handler
    spi_master.o(i.spi_master_evt_handler_reg) refers to spi_master.o(i.spi_master_get_instance) for spi_master_get_instance
    spi_master.o(i.spi_master_evt_handler_reg) refers to app_error.o(i.app_error_handler) for app_error_handler


==============================================================================

Removing Unused input sections from the image.

    Removing main.o(.rev16_text), (4 bytes).
    Removing main.o(.revsh_text), (4 bytes).
    Removing main.o(.emb_text), (30 bytes).
    Removing dfu_spi_master_lib.o(.rev16_text), (4 bytes).
    Removing dfu_spi_master_lib.o(.revsh_text), (4 bytes).
    Removing dfu_spi_master_lib.o(i.set_header_byte), (12 bytes).
    Removing nrf_soc.o(.rev16_text), (4 bytes).
    Removing nrf_soc.o(.revsh_text), (4 bytes).
    Removing nrf_soc.o(i.sd_app_evt_wait), (6 bytes).
    Removing nrf_soc.o(i.sd_nvic_GetPendingIRQ), (48 bytes).
    Removing nrf_soc.o(i.sd_nvic_GetPriority), (84 bytes).
    Removing nrf_soc.o(i.sd_nvic_SetPendingIRQ), (28 bytes).
    Removing nrf_soc.o(i.sd_nvic_SystemReset), (56 bytes).
    Removing app_error.o(.rev16_text), (4 bytes).
    Removing app_error.o(.revsh_text), (4 bytes).
    Removing spi_master_com_interface.o(.rev16_text), (4 bytes).
    Removing spi_master_com_interface.o(.revsh_text), (4 bytes).
    Removing spi_master_com_interface.o(.emb_text), (30 bytes).
    Removing spi_master_com_interface.o(i.calc_crc16), (6 bytes).
    Removing nrf_delay.o(.rev16_text), (4 bytes).
    Removing nrf_delay.o(.revsh_text), (4 bytes).
    Removing spi_master.o(.rev16_text), (4 bytes).
    Removing spi_master.o(.revsh_text), (4 bytes).
    Removing spi_master.o(i.spi_master_close), (180 bytes).
    Removing arm_startup_nrf51.o(HEAP), (2048 bytes).
    Removing system_nrf51.o(.rev16_text), (4 bytes).
    Removing system_nrf51.o(.revsh_text), (4 bytes).
    Removing system_nrf51.o(i.SystemCoreClockUpdate), (16 bytes).
    Removing spi_master.o(i.spi_master_get_state), (52 bytes).

29 unused section(s) (total 2660 bytes) removed from the image.

==============================================================================

Image Symbol Table

    Local Symbols

    Symbol Name                              Value     Ov Type        Size  Object(Section)

    RESET                                    0x00000000   Section      192  arm_startup_nrf51.o(RESET)
    ../clib/microlib/init/entry.s            0x00000000   Number         0  entry10b.o ABSOLUTE
    ../clib/microlib/init/entry.s            0x00000000   Number         0  entry9b.o ABSOLUTE
    ../clib/microlib/init/entry.s            0x00000000   Number         0  entry10a.o ABSOLUTE
    ../clib/microlib/init/entry.s            0x00000000   Number         0  entry8b.o ABSOLUTE
    ../clib/microlib/init/entry.s            0x00000000   Number         0  entry7b.o ABSOLUTE
    ../clib/microlib/init/entry.s            0x00000000   Number         0  entry8a.o ABSOLUTE
    ../clib/microlib/init/entry.s            0x00000000   Number         0  entry11b.o ABSOLUTE
    ../clib/microlib/init/entry.s            0x00000000   Number         0  entry9a.o ABSOLUTE
    ../clib/microlib/init/entry.s            0x00000000   Number         0  entry11a.o ABSOLUTE
    ../clib/microlib/init/entry.s            0x00000000   Number         0  entry7a.o ABSOLUTE
    ../clib/microlib/init/entry.s            0x00000000   Number         0  entry5.o ABSOLUTE
    ../clib/microlib/init/entry.s            0x00000000   Number         0  entry2.o ABSOLUTE
    ../clib/microlib/init/entry.s            0x00000000   Number         0  entry.o ABSOLUTE
    ../clib/microlib/string/memcpy.c         0x00000000   Number         0  memcpya.o ABSOLUTE
    ../clib/microlib/string/memcpy.c         0x00000000   Number         0  memcpyb.o ABSOLUTE
    ../clib/microlib/string/memset.c         0x00000000   Number         0  memseta.o ABSOLUTE
    ..\..\..\..\..\..\components\drivers_nrf\hal\nrf_delay.c 0x00000000   Number         0  nrf_delay.o ABSOLUTE
    ..\..\..\..\..\..\components\drivers_nrf\nrf_soc_nosd\nrf_soc.c 0x00000000   Number         0  nrf_soc.o ABSOLUTE
    ..\..\..\..\..\..\components\drivers_nrf\spi_master\spi_master.c 0x00000000   Number         0  spi_master.o ABSOLUTE
    ..\..\..\..\..\..\components\libraries\crc16\crc16.c 0x00000000   Number         0  crc16.o ABSOLUTE
    ..\..\..\..\..\..\components\libraries\util\app_error.c 0x00000000   Number         0  app_error.o ABSOLUTE
    ..\..\..\dfu_spi_master_lib.c            0x00000000   Number         0  dfu_spi_master_lib.o ABSOLUTE
    ..\..\..\main.c                          0x00000000   Number         0  main.o ABSOLUTE
    ..\..\..\spi_master_com_interface.c      0x00000000   Number         0  spi_master_com_interface.o ABSOLUTE
    ..\\..\\..\\..\\..\\..\\components\\drivers_nrf\\hal\\nrf_delay.c 0x00000000   Number         0  nrf_delay.o ABSOLUTE
    ..\\..\\..\\..\\..\\..\\components\\drivers_nrf\\nrf_soc_nosd\\nrf_soc.c 0x00000000   Number         0  nrf_soc.o ABSOLUTE
    ..\\..\\..\\..\\..\\..\\components\\drivers_nrf\\spi_master\\spi_master.c 0x00000000   Number         0  spi_master.o ABSOLUTE
    ..\\..\\..\\..\\..\\..\\components\\libraries\\util\\app_error.c 0x00000000   Number         0  app_error.o ABSOLUTE
    ..\\..\\..\\dfu_spi_master_lib.c         0x00000000   Number         0  dfu_spi_master_lib.o ABSOLUTE
    ..\\..\\..\\main.c                       0x00000000   Number         0  main.o ABSOLUTE
    ..\\..\\..\\spi_master_com_interface.c   0x00000000   Number         0  spi_master_com_interface.o ABSOLUTE
    RTE\Device\nRF51422_xxAC\arm_startup_nrf51.s 0x00000000   Number         0  arm_startup_nrf51.o ABSOLUTE
    RTE\Device\nRF51422_xxAC\system_nrf51.c  0x00000000   Number         0  system_nrf51.o ABSOLUTE
    RTE\\Device\\nRF51422_xxAC\\system_nrf51.c 0x00000000   Number         0  system_nrf51.o ABSOLUTE
    dc.s                                     0x00000000   Number         0  dc.o ABSOLUTE
    handlers.s                               0x00000000   Number         0  handlers.o ABSOLUTE
    init.s                                   0x00000000   Number         0  init.o ABSOLUTE
    .ARM.Collect$$$$00000000                 0x000000c0   Section        0  entry.o(.ARM.Collect$$$$00000000)
    .ARM.Collect$$$$00000001                 0x000000c0   Section        4  entry2.o(.ARM.Collect$$$$00000001)
    .ARM.Collect$$$$00000004                 0x000000c4   Section        4  entry5.o(.ARM.Collect$$$$00000004)
    .ARM.Collect$$$$00000008                 0x000000c8   Section        0  entry7b.o(.ARM.Collect$$$$00000008)
    .ARM.Collect$$$$0000000A                 0x000000c8   Section        0  entry8b.o(.ARM.Collect$$$$0000000A)
    .ARM.Collect$$$$0000000B                 0x000000c8   Section        8  entry9a.o(.ARM.Collect$$$$0000000B)
    .ARM.Collect$$$$0000000D                 0x000000d0   Section        0  entry10a.o(.ARM.Collect$$$$0000000D)
    .ARM.Collect$$$$0000000F                 0x000000d0   Section        0  entry11a.o(.ARM.Collect$$$$0000000F)
    .ARM.Collect$$$$00002712                 0x000000d0   Section        4  entry2.o(.ARM.Collect$$$$00002712)
    __lit__00000000                          0x000000d0   Data           4  entry2.o(.ARM.Collect$$$$00002712)
    .emb_text                                0x000000d4   Section       30  nrf_delay.o(.emb_text)
    .text                                    0x000000f4   Section       56  arm_startup_nrf51.o(.text)
    .text                                    0x0000012c   Section        0  memcpya.o(.text)
    .text                                    0x00000150   Section        0  memseta.o(.text)
    .text                                    0x00000174   Section       36  init.o(.text)
    i.NVIC_SetPriority                       0x00000198   Section        0  nrf_soc.o(i.NVIC_SetPriority)
    NVIC_SetPriority                         0x00000199   Thumb Code   110  nrf_soc.o(i.NVIC_SetPriority)
    i.SPI0_TWI0_IRQHandler                   0x00000210   Section        0  spi_master.o(i.SPI0_TWI0_IRQHandler)
    i.SystemInit                             0x00000244   Section        0  system_nrf51.o(i.SystemInit)
    i.__scatterload_copy                     0x0000027c   Section       14  handlers.o(i.__scatterload_copy)
    i.__scatterload_null                     0x0000028a   Section        2  handlers.o(i.__scatterload_null)
    i.__scatterload_zeroinit                 0x0000028c   Section       14  handlers.o(i.__scatterload_zeroinit)
    i.app_error_handler                      0x0000029c   Section        0  app_error.o(i.app_error_handler)
    i.crc16_compute                          0x000002d4   Section        0  crc16.o(i.crc16_compute)
    i.dfu_spi_init                           0x00000318   Section        0  dfu_spi_master_lib.o(i.dfu_spi_init)
    i.dfu_spi_send_data_packet               0x00000324   Section        0  dfu_spi_master_lib.o(i.dfu_spi_send_data_packet)
    i.dfu_spi_send_init_packet               0x00000368   Section        0  dfu_spi_master_lib.o(i.dfu_spi_send_init_packet)
    i.dfu_spi_send_start_packet              0x000003b4   Section        0  dfu_spi_master_lib.o(i.dfu_spi_send_start_packet)
    i.dfu_spi_send_stop_packet               0x000003dc   Section        0  dfu_spi_master_lib.o(i.dfu_spi_send_stop_packet)
    i.find_image_crc                         0x000003f8   Section        0  main.o(i.find_image_crc)
    i.find_image_size                        0x0000040a   Section        0  main.o(i.find_image_size)
    i.get_rand_num                           0x00000428   Section        0  main.o(i.get_rand_num)
    i.is_disabled_in_debug_needed            0x0000046c   Section        0  system_nrf51.o(i.is_disabled_in_debug_needed)
    is_disabled_in_debug_needed              0x0000046d   Thumb Code    52  system_nrf51.o(i.is_disabled_in_debug_needed)
    i.is_manual_peripheral_setup_needed      0x000004a4   Section        0  system_nrf51.o(i.is_manual_peripheral_setup_needed)
    is_manual_peripheral_setup_needed        0x000004a5   Thumb Code   104  system_nrf51.o(i.is_manual_peripheral_setup_needed)
    i.main                                   0x00000510   Section        0  main.o(i.main)
    i.nrf_delay_ms                           0x000005bc   Section        0  nrf_delay.o(i.nrf_delay_ms)
    i.nrf_gpio_cfg_input                     0x000005d8   Section        0  spi_master.o(i.nrf_gpio_cfg_input)
    nrf_gpio_cfg_input                       0x000005d9   Thumb Code    20  spi_master.o(i.nrf_gpio_cfg_input)
    i.nrf_gpio_cfg_output                    0x000005ec   Section        0  spi_master.o(i.nrf_gpio_cfg_output)
    nrf_gpio_cfg_output                      0x000005ed   Thumb Code    18  spi_master.o(i.nrf_gpio_cfg_output)
    i.nrf_gpio_pin_clear                     0x00000600   Section        0  main.o(i.nrf_gpio_pin_clear)
    nrf_gpio_pin_clear                       0x00000601   Thumb Code    10  main.o(i.nrf_gpio_pin_clear)
    i.nrf_gpio_pin_set                       0x00000610   Section        0  main.o(i.nrf_gpio_pin_set)
    nrf_gpio_pin_set                         0x00000611   Thumb Code    10  main.o(i.nrf_gpio_pin_set)
    i.nrf_gpio_pin_set                       0x00000620   Section        0  spi_master_com_interface.o(i.nrf_gpio_pin_set)
    nrf_gpio_pin_set                         0x00000621   Thumb Code    10  spi_master_com_interface.o(i.nrf_gpio_pin_set)
    i.nrf_gpio_pin_set                       0x00000630   Section        0  spi_master.o(i.nrf_gpio_pin_set)
    nrf_gpio_pin_set                         0x00000631   Thumb Code    10  spi_master.o(i.nrf_gpio_pin_set)
    i.sd_nvic_ClearPendingIRQ                0x00000640   Section        0  nrf_soc.o(i.sd_nvic_ClearPendingIRQ)
    i.sd_nvic_DisableIRQ                     0x0000065c   Section        0  nrf_soc.o(i.sd_nvic_DisableIRQ)
    i.sd_nvic_EnableIRQ                      0x00000678   Section        0  nrf_soc.o(i.sd_nvic_EnableIRQ)
    i.sd_nvic_SetPriority                    0x00000694   Section        0  nrf_soc.o(i.sd_nvic_SetPriority)
    i.sd_nvic_critical_region_enter          0x000006a8   Section        0  nrf_soc.o(i.sd_nvic_critical_region_enter)
    i.sd_nvic_critical_region_exit           0x000006d0   Section        0  nrf_soc.o(i.sd_nvic_critical_region_exit)
    i.send_single_packet                     0x000006f0   Section        0  spi_master_com_interface.o(i.send_single_packet)
    send_single_packet                       0x000006f1   Thumb Code   198  spi_master_com_interface.o(i.send_single_packet)
    i.spi_init                               0x000007d8   Section        0  dfu_spi_master_lib.o(i.spi_init)
    i.spi_master_buffer_init                 0x000007fa   Section        0  spi_master.o(i.spi_master_buffer_init)
    spi_master_buffer_init                   0x000007fb   Thumb Code   142  spi_master.o(i.spi_master_buffer_init)
    i.spi_master_buffer_release              0x00000888   Section        0  spi_master.o(i.spi_master_buffer_release)
    spi_master_buffer_release                0x00000889   Thumb Code    82  spi_master.o(i.spi_master_buffer_release)
    i.spi_master_com_busy                    0x000008dc   Section        0  spi_master_com_interface.o(i.spi_master_com_busy)
    i.spi_master_com_init                    0x000008e8   Section        0  spi_master_com_interface.o(i.spi_master_com_init)
    i.spi_master_com_tx                      0x00000974   Section        0  spi_master_com_interface.o(i.spi_master_com_tx)
    i.spi_master_event_handler               0x000009d4   Section        0  spi_master_com_interface.o(i.spi_master_event_handler)
    i.spi_master_evt_handler_reg             0x00000a28   Section        0  spi_master.o(i.spi_master_evt_handler_reg)
    i.spi_master_get_instance                0x00000a5c   Section        0  spi_master.o(i.spi_master_get_instance)
    spi_master_get_instance                  0x00000a5d   Thumb Code    20  spi_master.o(i.spi_master_get_instance)
    i.spi_master_init_hw_instance            0x00000a74   Section        0  spi_master.o(i.spi_master_init_hw_instance)
    spi_master_init_hw_instance              0x00000a75   Thumb Code    92  spi_master.o(i.spi_master_init_hw_instance)
    i.spi_master_open                        0x00000ad0   Section        0  spi_master.o(i.spi_master_open)
    i.spi_master_send_initial_bytes          0x00000c20   Section        0  spi_master.o(i.spi_master_send_initial_bytes)
    spi_master_send_initial_bytes            0x00000c21   Thumb Code   118  spi_master.o(i.spi_master_send_initial_bytes)
    i.spi_master_send_recv                   0x00000c98   Section        0  spi_master.o(i.spi_master_send_recv)
    i.spi_master_send_recv_irq               0x00000dd8   Section        0  spi_master.o(i.spi_master_send_recv_irq)
    spi_master_send_recv_irq                 0x00000dd9   Thumb Code   228  spi_master.o(i.spi_master_send_recv_irq)
    i.spi_master_signal_evt                  0x00000ebc   Section        0  spi_master.o(i.spi_master_signal_evt)
    spi_master_signal_evt                    0x00000ebd   Thumb Code    70  spi_master.o(i.spi_master_signal_evt)
    i.test_update                            0x00000f08   Section        0  main.o(i.test_update)
    .constdata                               0x0000101c   Section       20  main.o(.constdata)
    .constdata                               0x00001030   Section       28  spi_master_com_interface.o(.constdata)
    .constdata                               0x0000104c   Section        4  spi_master.o(.constdata)
    .data                                    0x20000000   Section        4  main.o(.data)
    random_number                            0x20000000   Data           4  main.o(.data)
    .data                                    0x20000004   Section        2  dfu_spi_master_lib.o(.data)
    .data                                    0x20000006   Section        1  nrf_soc.o(.data)
    m_in_critical_region                     0x20000006   Data           1  nrf_soc.o(.data)
    .data                                    0x20000008   Section       25  spi_master_com_interface.o(.data)
    m_spim_com_tx_packet                     0x20000008   Data           4  spi_master_com_interface.o(.data)
    m_spim_com_tx_packet_current_seq_num     0x2000000c   Data           4  spi_master_com_interface.o(.data)
    m_spim_com_tx_packet_length              0x20000010   Data           4  spi_master_com_interface.o(.data)
    m_spim_com_tx_packet_fragment_num        0x20000014   Data           4  spi_master_com_interface.o(.data)
    m_spim_com_pin_rdyn                      0x20000018   Data           4  spi_master_com_interface.o(.data)
    m_spim_com_pin_reqn                      0x2000001c   Data           4  spi_master_com_interface.o(.data)
    m_spi_master_busy                        0x20000020   Data           1  spi_master_com_interface.o(.data)
    .data                                    0x20000024   Section        4  system_nrf51.o(.data)
    __tagsym$$used                           0x20000024   Number         0  system_nrf51.o(.data)
    .bss                                     0x20000028   Section      144  dfu_spi_master_lib.o(.bss)
    m_spi_master_tx_buffer                   0x20000028   Data         144  dfu_spi_master_lib.o(.bss)
    .bss                                     0x200000b8   Section      268  spi_master_com_interface.o(.bss)
    spim_com_tx_transaction                  0x200000b8   Data         134  spi_master_com_interface.o(.bss)
    spim_com_rx_transaction                  0x2000013e   Data         134  spi_master_com_interface.o(.bss)
    .bss                                     0x200001c4   Section       40  spi_master.o(.bss)
    m_spi_master_instances                   0x200001c4   Data          40  spi_master.o(.bss)
    STACK                                    0x200001f0   Section     2048  arm_startup_nrf51.o(STACK)

    Global Symbols

    Symbol Name                              Value     Ov Type        Size  Object(Section)

    BuildAttributes$$THM_ISAv3M$S$PE$A:L22$X:L11$S22$IEEE1$IW$USESV6$~STKCKD$USESV7$~SHL$OSPACE$EBA8$MICROLIB$REQ8$PRES8$EABIv2 0x00000000   Number         0  anon$$obj.o ABSOLUTE
    __ARM_use_no_argv                        0x00000000   Number         0  main.o ABSOLUTE
    __Vectors                                0x00000000   Data           4  arm_startup_nrf51.o(RESET)
    __cpp_initialize__aeabi_                  - Undefined Weak Reference
    __cxa_finalize                            - Undefined Weak Reference
    __decompress                              - Undefined Weak Reference
    _clock_init                               - Undefined Weak Reference
    _microlib_exit                            - Undefined Weak Reference
    __Vectors_End                            0x000000c0   Data           0  arm_startup_nrf51.o(RESET)
    __Vectors_Size                           0x000000c0   Number         0  arm_startup_nrf51.o ABSOLUTE
    __main                                   0x000000c1   Thumb Code     0  entry.o(.ARM.Collect$$$$00000000)
    _main_stk                                0x000000c1   Thumb Code     0  entry2.o(.ARM.Collect$$$$00000001)
    _main_scatterload                        0x000000c5   Thumb Code     0  entry5.o(.ARM.Collect$$$$00000004)
    __main_after_scatterload                 0x000000c9   Thumb Code     0  entry5.o(.ARM.Collect$$$$00000004)
    _main_clock                              0x000000c9   Thumb Code     0  entry7b.o(.ARM.Collect$$$$00000008)
    _main_cpp_init                           0x000000c9   Thumb Code     0  entry8b.o(.ARM.Collect$$$$0000000A)
    _main_init                               0x000000c9   Thumb Code     0  entry9a.o(.ARM.Collect$$$$0000000B)
    __rt_final_cpp                           0x000000d1   Thumb Code     0  entry10a.o(.ARM.Collect$$$$0000000D)
    __rt_final_exit                          0x000000d1   Thumb Code     0  entry11a.o(.ARM.Collect$$$$0000000F)
    __asm___11_nrf_delay_c_532987f3__nrf_delay_us 0x000000d5   Thumb Code    30  nrf_delay.o(.emb_text)
    Reset_Handler                            0x000000f5   Thumb Code    26  arm_startup_nrf51.o(.text)
    NMI_Handler                              0x0000010f   Thumb Code     2  arm_startup_nrf51.o(.text)
    HardFault_Handler                        0x00000111   Thumb Code     2  arm_startup_nrf51.o(.text)
    SVC_Handler                              0x00000113   Thumb Code     2  arm_startup_nrf51.o(.text)
    PendSV_Handler                           0x00000115   Thumb Code     2  arm_startup_nrf51.o(.text)
    SysTick_Handler                          0x00000117   Thumb Code     2  arm_startup_nrf51.o(.text)
    ADC_IRQHandler                           0x00000119   Thumb Code     0  arm_startup_nrf51.o(.text)
    CCM_AAR_IRQHandler                       0x00000119   Thumb Code     0  arm_startup_nrf51.o(.text)
    ECB_IRQHandler                           0x00000119   Thumb Code     0  arm_startup_nrf51.o(.text)
    GPIOTE_IRQHandler                        0x00000119   Thumb Code     0  arm_startup_nrf51.o(.text)
    LPCOMP_IRQHandler                        0x00000119   Thumb Code     0  arm_startup_nrf51.o(.text)
    POWER_CLOCK_IRQHandler                   0x00000119   Thumb Code     0  arm_startup_nrf51.o(.text)
    QDEC_IRQHandler                          0x00000119   Thumb Code     0  arm_startup_nrf51.o(.text)
    RADIO_IRQHandler                         0x00000119   Thumb Code     0  arm_startup_nrf51.o(.text)
    RNG_IRQHandler                           0x00000119   Thumb Code     0  arm_startup_nrf51.o(.text)
    RTC0_IRQHandler                          0x00000119   Thumb Code     0  arm_startup_nrf51.o(.text)
    RTC1_IRQHandler                          0x00000119   Thumb Code     0  arm_startup_nrf51.o(.text)
    SPI1_TWI1_IRQHandler                     0x00000119   Thumb Code     0  arm_startup_nrf51.o(.text)
    SWI0_IRQHandler                          0x00000119   Thumb Code     0  arm_startup_nrf51.o(.text)
    SWI1_IRQHandler                          0x00000119   Thumb Code     0  arm_startup_nrf51.o(.text)
    SWI2_IRQHandler                          0x00000119   Thumb Code     0  arm_startup_nrf51.o(.text)
    SWI3_IRQHandler                          0x00000119   Thumb Code     0  arm_startup_nrf51.o(.text)
    SWI4_IRQHandler                          0x00000119   Thumb Code     0  arm_startup_nrf51.o(.text)
    SWI5_IRQHandler                          0x00000119   Thumb Code     0  arm_startup_nrf51.o(.text)
    TEMP_IRQHandler                          0x00000119   Thumb Code     0  arm_startup_nrf51.o(.text)
    TIMER0_IRQHandler                        0x00000119   Thumb Code     0  arm_startup_nrf51.o(.text)
    TIMER1_IRQHandler                        0x00000119   Thumb Code     0  arm_startup_nrf51.o(.text)
    TIMER2_IRQHandler                        0x00000119   Thumb Code     0  arm_startup_nrf51.o(.text)
    UART0_IRQHandler                         0x00000119   Thumb Code     0  arm_startup_nrf51.o(.text)
    WDT_IRQHandler                           0x00000119   Thumb Code     0  arm_startup_nrf51.o(.text)
    __aeabi_memcpy                           0x0000012d   Thumb Code    36  memcpya.o(.text)
    __aeabi_memcpy4                          0x0000012d   Thumb Code     0  memcpya.o(.text)
    __aeabi_memcpy8                          0x0000012d   Thumb Code     0  memcpya.o(.text)
    __aeabi_memset                           0x00000151   Thumb Code    14  memseta.o(.text)
    __aeabi_memset4                          0x00000151   Thumb Code     0  memseta.o(.text)
    __aeabi_memset8                          0x00000151   Thumb Code     0  memseta.o(.text)
    __aeabi_memclr                           0x0000015f   Thumb Code     4  memseta.o(.text)
    __aeabi_memclr4                          0x0000015f   Thumb Code     0  memseta.o(.text)
    __aeabi_memclr8                          0x0000015f   Thumb Code     0  memseta.o(.text)
    _memset$wrapper                          0x00000163   Thumb Code    18  memseta.o(.text)
    __scatterload                            0x00000175   Thumb Code    28  init.o(.text)
    __scatterload_rt2                        0x00000175   Thumb Code     0  init.o(.text)
    SPI0_TWI0_IRQHandler                     0x00000211   Thumb Code    44  spi_master.o(i.SPI0_TWI0_IRQHandler)
    SystemInit                               0x00000245   Thumb Code    38  system_nrf51.o(i.SystemInit)
    __scatterload_copy                       0x0000027d   Thumb Code    14  handlers.o(i.__scatterload_copy)
    __scatterload_null                       0x0000028b   Thumb Code     2  handlers.o(i.__scatterload_null)
    __scatterload_zeroinit                   0x0000028d   Thumb Code    14  handlers.o(i.__scatterload_zeroinit)
    app_error_handler                        0x0000029d   Thumb Code    48  app_error.o(i.app_error_handler)
    crc16_compute                            0x000002d5   Thumb Code    62  crc16.o(i.crc16_compute)
    dfu_spi_init                             0x00000319   Thumb Code    10  dfu_spi_master_lib.o(i.dfu_spi_init)
    dfu_spi_send_data_packet                 0x00000325   Thumb Code    62  dfu_spi_master_lib.o(i.dfu_spi_send_data_packet)
    dfu_spi_send_init_packet                 0x00000369   Thumb Code    72  dfu_spi_master_lib.o(i.dfu_spi_send_init_packet)
    dfu_spi_send_start_packet                0x000003b5   Thumb Code    36  dfu_spi_master_lib.o(i.dfu_spi_send_start_packet)
    dfu_spi_send_stop_packet                 0x000003dd   Thumb Code    24  dfu_spi_master_lib.o(i.dfu_spi_send_stop_packet)
    find_image_crc                           0x000003f9   Thumb Code    18  main.o(i.find_image_crc)
    find_image_size                          0x0000040b   Thumb Code    30  main.o(i.find_image_size)
    get_rand_num                             0x00000429   Thumb Code    56  main.o(i.get_rand_num)
    main                                     0x00000511   Thumb Code   168  main.o(i.main)
    nrf_delay_ms                             0x000005bd   Thumb Code    24  nrf_delay.o(i.nrf_delay_ms)
    sd_nvic_ClearPendingIRQ                  0x00000641   Thumb Code    22  nrf_soc.o(i.sd_nvic_ClearPendingIRQ)
    sd_nvic_DisableIRQ                       0x0000065d   Thumb Code    22  nrf_soc.o(i.sd_nvic_DisableIRQ)
    sd_nvic_EnableIRQ                        0x00000679   Thumb Code    22  nrf_soc.o(i.sd_nvic_EnableIRQ)
    sd_nvic_SetPriority                      0x00000695   Thumb Code    18  nrf_soc.o(i.sd_nvic_SetPriority)
    sd_nvic_critical_region_enter            0x000006a9   Thumb Code    34  nrf_soc.o(i.sd_nvic_critical_region_enter)
    sd_nvic_critical_region_exit             0x000006d1   Thumb Code    26  nrf_soc.o(i.sd_nvic_critical_region_exit)
    spi_init                                 0x000007d9   Thumb Code    34  dfu_spi_master_lib.o(i.spi_init)
    spi_master_com_busy                      0x000008dd   Thumb Code     6  spi_master_com_interface.o(i.spi_master_com_busy)
    spi_master_com_init                      0x000008e9   Thumb Code   124  spi_master_com_interface.o(i.spi_master_com_init)
    spi_master_com_tx                        0x00000975   Thumb Code    72  spi_master_com_interface.o(i.spi_master_com_tx)
    spi_master_event_handler                 0x000009d5   Thumb Code    66  spi_master_com_interface.o(i.spi_master_event_handler)
    spi_master_evt_handler_reg               0x00000a29   Thumb Code    52  spi_master.o(i.spi_master_evt_handler_reg)
    spi_master_open                          0x00000ad1   Thumb Code   332  spi_master.o(i.spi_master_open)
    spi_master_send_recv                     0x00000c99   Thumb Code   314  spi_master.o(i.spi_master_send_recv)
    test_update                              0x00000f09   Thumb Code   260  main.o(i.test_update)
    Region$$Table$$Base                      0x00001050   Number         0  anon$$obj.o(Region$$Table)
    Region$$Table$$Limit                     0x00001070   Number         0  anon$$obj.o(Region$$Table)
    softdevice_list_default                  0x20000004   Data           2  dfu_spi_master_lib.o(.data)
    SystemCoreClock                          0x20000024   Data           4  system_nrf51.o(.data)
    __initial_sp                             0x200009f0   Data           0  arm_startup_nrf51.o(STACK)



==============================================================================

Memory Map of the image

  Image Entry point : 0x000000c1

  Load Region LR_IROM1 (Base: 0x00000000, Size: 0x00001098, Max: 0x00040000, ABSOLUTE)

    Execution Region ER_IROM1 (Base: 0x00000000, Size: 0x00001070, Max: 0x00040000, ABSOLUTE)

    Base Addr    Size         Type   Attr      Idx    E Section Name        Object

    0x00000000   0x000000c0   Data   RO          561    RESET               arm_startup_nrf51.o
    0x000000c0   0x00000000   Code   RO          608  * .ARM.Collect$$$$00000000  mc_p.l(entry.o)
    0x000000c0   0x00000004   Code   RO          617    .ARM.Collect$$$$00000001  mc_p.l(entry2.o)
    0x000000c4   0x00000004   Code   RO          620    .ARM.Collect$$$$00000004  mc_p.l(entry5.o)
    0x000000c8   0x00000000   Code   RO          622    .ARM.Collect$$$$00000008  mc_p.l(entry7b.o)
    0x000000c8   0x00000000   Code   RO          624    .ARM.Collect$$$$0000000A  mc_p.l(entry8b.o)
    0x000000c8   0x00000008   Code   RO          625    .ARM.Collect$$$$0000000B  mc_p.l(entry9a.o)
    0x000000d0   0x00000000   Code   RO          627    .ARM.Collect$$$$0000000D  mc_p.l(entry10a.o)
    0x000000d0   0x00000000   Code   RO          629    .ARM.Collect$$$$0000000F  mc_p.l(entry11a.o)
    0x000000d0   0x00000004   Code   RO          618    .ARM.Collect$$$$00002712  mc_p.l(entry2.o)
    0x000000d4   0x0000001e   Code   RO          425    .emb_text           nrf_delay.o
    0x000000f2   0x00000002   PAD
    0x000000f4   0x00000038   Code   RO          562    .text               arm_startup_nrf51.o
    0x0000012c   0x00000024   Code   RO          611    .text               mc_p.l(memcpya.o)
    0x00000150   0x00000024   Code   RO          613    .text               mc_p.l(memseta.o)
    0x00000174   0x00000024   Code   RO          631    .text               mc_p.l(init.o)
    0x00000198   0x00000078   Code   RO          213    i.NVIC_SetPriority  nrf_soc.o
    0x00000210   0x00000034   Code   RO          452    i.SPI0_TWI0_IRQHandler  spi_master.o
    0x00000244   0x00000038   Code   RO          569    i.SystemInit        system_nrf51.o
    0x0000027c   0x0000000e   Code   RO          635    i.__scatterload_copy  mc_p.l(handlers.o)
    0x0000028a   0x00000002   Code   RO          636    i.__scatterload_null  mc_p.l(handlers.o)
    0x0000028c   0x0000000e   Code   RO          637    i.__scatterload_zeroinit  mc_p.l(handlers.o)
    0x0000029a   0x00000002   PAD
    0x0000029c   0x00000038   Code   RO          309    i.app_error_handler  app_error.o
    0x000002d4   0x00000044   Code   RO          336    i.crc16_compute     crc16.o
    0x00000318   0x0000000a   Code   RO          132    i.dfu_spi_init      dfu_spi_master_lib.o
    0x00000322   0x00000002   PAD
    0x00000324   0x00000044   Code   RO          133    i.dfu_spi_send_data_packet  dfu_spi_master_lib.o
    0x00000368   0x0000004c   Code   RO          134    i.dfu_spi_send_init_packet  dfu_spi_master_lib.o
    0x000003b4   0x00000028   Code   RO          135    i.dfu_spi_send_start_packet  dfu_spi_master_lib.o
    0x000003dc   0x0000001c   Code   RO          136    i.dfu_spi_send_stop_packet  dfu_spi_master_lib.o
    0x000003f8   0x00000012   Code   RO            4    i.find_image_crc    main.o
    0x0000040a   0x0000001e   Code   RO            5    i.find_image_size   main.o
    0x00000428   0x00000044   Code   RO            6    i.get_rand_num      main.o
    0x0000046c   0x00000038   Code   RO          570    i.is_disabled_in_debug_needed  system_nrf51.o
    0x000004a4   0x0000006c   Code   RO          571    i.is_manual_peripheral_setup_needed  system_nrf51.o
    0x00000510   0x000000ac   Code   RO            7    i.main              main.o
    0x000005bc   0x0000001c   Code   RO          426    i.nrf_delay_ms      nrf_delay.o
    0x000005d8   0x00000014   Code   RO          453    i.nrf_gpio_cfg_input  spi_master.o
    0x000005ec   0x00000012   Code   RO          454    i.nrf_gpio_cfg_output  spi_master.o
    0x000005fe   0x00000002   PAD
    0x00000600   0x00000010   Code   RO            8    i.nrf_gpio_pin_clear  main.o
    0x00000610   0x00000010   Code   RO            9    i.nrf_gpio_pin_set  main.o
    0x00000620   0x00000010   Code   RO          356    i.nrf_gpio_pin_set  spi_master_com_interface.o
    0x00000630   0x00000010   Code   RO          455    i.nrf_gpio_pin_set  spi_master.o
    0x00000640   0x0000001c   Code   RO          215    i.sd_nvic_ClearPendingIRQ  nrf_soc.o
    0x0000065c   0x0000001c   Code   RO          216    i.sd_nvic_DisableIRQ  nrf_soc.o
    0x00000678   0x0000001c   Code   RO          217    i.sd_nvic_EnableIRQ  nrf_soc.o
    0x00000694   0x00000012   Code   RO          221    i.sd_nvic_SetPriority  nrf_soc.o
    0x000006a6   0x00000002   PAD
    0x000006a8   0x00000028   Code   RO          223    i.sd_nvic_critical_region_enter  nrf_soc.o
    0x000006d0   0x00000020   Code   RO          224    i.sd_nvic_critical_region_exit  nrf_soc.o
    0x000006f0   0x000000e8   Code   RO          357    i.send_single_packet  spi_master_com_interface.o
    0x000007d8   0x00000022   Code   RO          138    i.spi_init          dfu_spi_master_lib.o
    0x000007fa   0x0000008e   Code   RO          456    i.spi_master_buffer_init  spi_master.o
    0x00000888   0x00000052   Code   RO          457    i.spi_master_buffer_release  spi_master.o
    0x000008da   0x00000002   PAD
    0x000008dc   0x0000000c   Code   RO          358    i.spi_master_com_busy  spi_master_com_interface.o
    0x000008e8   0x0000008c   Code   RO          359    i.spi_master_com_init  spi_master_com_interface.o
    0x00000974   0x00000060   Code   RO          360    i.spi_master_com_tx  spi_master_com_interface.o
    0x000009d4   0x00000054   Code   RO          361    i.spi_master_event_handler  spi_master_com_interface.o
    0x00000a28   0x00000034   Code   RO          544    i.spi_master_evt_handler_reg  spi_master.o
    0x00000a5c   0x00000018   Code   RO          459    i.spi_master_get_instance  spi_master.o
    0x00000a74   0x0000005c   Code   RO          460    i.spi_master_init_hw_instance  spi_master.o
    0x00000ad0   0x00000150   Code   RO          461    i.spi_master_open   spi_master.o
    0x00000c20   0x00000076   Code   RO          462    i.spi_master_send_initial_bytes  spi_master.o
    0x00000c96   0x00000002   PAD
    0x00000c98   0x00000140   Code   RO          463    i.spi_master_send_recv  spi_master.o
    0x00000dd8   0x000000e4   Code   RO          464    i.spi_master_send_recv_irq  spi_master.o
    0x00000ebc   0x0000004c   Code   RO          465    i.spi_master_signal_evt  spi_master.o
    0x00000f08   0x00000114   Code   RO           10    i.test_update       main.o
    0x0000101c   0x00000014   Data   RO           11    .constdata          main.o
    0x00001030   0x0000001c   Data   RO          363    .constdata          spi_master_com_interface.o
    0x0000104c   0x00000004   Data   RO          467    .constdata          spi_master.o
    0x00001050   0x00000020   Data   RO          633    Region$$Table       anon$$obj.o


    Execution Region RW_IRAM1 (Base: 0x20000000, Size: 0x000009f0, Max: 0x00008000, ABSOLUTE)

    Base Addr    Size         Type   Attr      Idx    E Section Name        Object

    0x20000000   0x00000004   Data   RW           12    .data               main.o
    0x20000004   0x00000002   Data   RW          140    .data               dfu_spi_master_lib.o
    0x20000006   0x00000001   Data   RW          225    .data               nrf_soc.o
    0x20000007   0x00000001   PAD
    0x20000008   0x00000019   Data   RW          364    .data               spi_master_com_interface.o
    0x20000021   0x00000003   PAD
    0x20000024   0x00000004   Data   RW          572    .data               system_nrf51.o
    0x20000028   0x00000090   Zero   RW          139    .bss                dfu_spi_master_lib.o
    0x200000b8   0x0000010c   Zero   RW          362    .bss                spi_master_com_interface.o
    0x200001c4   0x00000028   Zero   RW          466    .bss                spi_master.o
    0x200001ec   0x00000004   PAD
    0x200001f0   0x00000800   Zero   RW          559    STACK               arm_startup_nrf51.o


==============================================================================

Image component sizes


      Code (inc. data)   RO Data    RW Data    ZI Data      Debug   Object Name

        56          8          0          0          0       7468   app_error.o
        56         18        192          0       2048        732   arm_startup_nrf51.o
        68          6          0          0          0       1320   crc16.o
       256         18          0          2        144      26285   dfu_spi_master_lib.o
       596         44         20          4          0      17237   main.o
        58          4          0          0          0       1783   nrf_delay.o
       294         40          0          1          0      12720   nrf_soc.o
      1576         34          4          0         40      18161   spi_master.o
       580        104         28         25        268       9971   spi_master_com_interface.o
       220         26          0          4          0       2131   system_nrf51.o

    ----------------------------------------------------------------------
      3772        302        276         40       2504      97808   Object Totals
         0          0         32          0          0          0   (incl. Generated)
        12          0          0          4          4          0   (incl. Padding)

    ----------------------------------------------------------------------

      Code (inc. data)   RO Data    RW Data    ZI Data      Debug   Library Member Name

         0          0          0          0          0          0   entry.o
         0          0          0          0          0          0   entry10a.o
         0          0          0          0          0          0   entry11a.o
         8          4          0          0          0          0   entry2.o
         4          0          0          0          0          0   entry5.o
         0          0          0          0          0          0   entry7b.o
         0          0          0          0          0          0   entry8b.o
         8          4          0          0          0          0   entry9a.o
        30          0          0          0          0          0   handlers.o
        36          8          0          0          0         68   init.o
        36          0          0          0          0         60   memcpya.o
        36          0          0          0          0        100   memseta.o

    ----------------------------------------------------------------------
       160         16          0          0          0        228   Library Totals
         2          0          0          0          0          0   (incl. Padding)

    ----------------------------------------------------------------------

      Code (inc. data)   RO Data    RW Data    ZI Data      Debug   Library Name

       158         16          0          0          0        228   mc_p.l

    ----------------------------------------------------------------------
       160         16          0          0          0        228   Library Totals

    ----------------------------------------------------------------------

==============================================================================


      Code (inc. data)   RO Data    RW Data    ZI Data      Debug   

      3932        318        276         40       2504      96200   Grand Totals
      3932        318        276         40       2504      96200   ELF Image Totals
      3932        318        276         40          0          0   ROM Totals

==============================================================================

    Total RO  Size (Code + RO Data)                 4208 (   4.11kB)
    Total RW  Size (RW Data + ZI Data)              2544 (   2.48kB)
    Total ROM Size (Code + RO Data + RW Data)       4248 (   4.15kB)

==============================================================================

