<html>
<body>
<pre>
<h1>µVision Build Log</h1>
<h2>Tool Versions:</h2>
IDE-Version: µVision V5.14.0.0
Copyright (C) 2015 ARM Ltd and ARM Germany GmbH. All rights reserved.
License Information: Vidar Berg, Nordic Semiconductor ASA, LIC=AK15A-KXESH-KYXZU-Q0NNH-RM73X-GL9UZ
 
Tool Versions:
Toolchain:       MDK-ARM Professional  Version: 5.14.0.0
Toolchain Path:  C:\Keil_v5\ARM\ARMCC\Bin
C Compiler:      Armcc.exe V5.05 update 1 (build 106)
Assembler:       Armasm.exe V5.05 update 1 (build 106)
Linker/Locator:  ArmLink.exe V5.05 update 1 (build 106)
Library Manager: ArmAr.exe V5.05 update 1 (build 106)
Hex Converter:   FromElf.exe V5.05 update 1 (build 106)
CPU DLL:         
Dialog DLL:      
Target DLL:      Segger\JL2CM3.dll V2.99.13.0
Dialog DLL:      TARMCM1.DLL V1.9.0.0
 
<h2>Project:</h2>
C:\Vidar\Customer\VASCO\nRF51_SDK_8.1.0_VASCO_TOR_240915\examples\vasco-spi-slave-dfu\bootloader_simple_spi_slave\pca10028\single_bank_serial_s110\arm5_no_packs\dfu_single_bank_serial_s110_pca10028.uvprojx
Project File Date:  09/24/2015

<h2>Output:</h2>
Rebuild target 'nrf51422_xxac'
Clean started - Project: 'dfu_single_bank_serial_s110_pca10028'
   deleting intermediate output files for target 'nrf51422_xxac'
compiling main.c...
compiling ble_advdata.c...
compiling ble_conn_params.c...
compiling ble_srv_common.c...
compiling nrf_delay.c...
compiling nrf_drv_common.c...
compiling nrf_drv_gpiote.c...
compiling spi_slave.c...
compiling nrf_flash.c...
compiling app_error.c...
compiling app_timer.c...
compiling app_timer_appsh.c...
compiling bootloader_settings.c...
compiling bootloader_util.c...
compiling crc16.c...
compiling dfu_init_template.c...
compiling hci_mem_pool.c...
compiling nrf_assert.c...
compiling spi_slave_com_interface.c...
compiling dfu_transport_spi_slave.c...
compiling app_scheduler_mod.c...
compiling bootloader.c...
compiling dfu_single_bank.c...
compiling softdevice_handler.c...
compiling softdevice_handler_appsh.c...
assembling arm_startup_nrf51.s...
compiling system_nrf51.c...
linking...
Program Size: Code=8508 RO-data=288 RW-data=180 ZI-data=5168  
".\_build\nrf51422_xxac.axf" - 0 Error(s), 0 Warning(s).

*** Performing Cross-Module-Optimization:
compiling main.c...
compiling ble_advdata.c...
compiling ble_conn_params.c...
compiling ble_srv_common.c...
compiling nrf_delay.c...
compiling nrf_drv_common.c...
compiling nrf_drv_gpiote.c...
compiling spi_slave.c...
compiling nrf_flash.c...
compiling app_error.c...
compiling app_timer.c...
compiling bootloader_settings.c...
compiling dfu_init_template.c...
compiling hci_mem_pool.c...
compiling spi_slave_com_interface.c...
compiling dfu_transport_spi_slave.c...
compiling app_scheduler_mod.c...
compiling bootloader.c...
compiling dfu_single_bank.c...
compiling softdevice_handler.c...
compiling softdevice_handler_appsh.c...
compiling system_nrf51.c...
linking...
Program Size: Code=7480 RO-data=288 RW-data=180 ZI-data=5168  
compiling main.c...
compiling ble_advdata.c...
compiling ble_conn_params.c...
compiling ble_srv_common.c...
compiling nrf_delay.c...
compiling nrf_drv_common.c...
compiling nrf_drv_gpiote.c...
compiling spi_slave.c...
compiling nrf_flash.c...
compiling app_error.c...
compiling app_timer.c...
compiling bootloader_settings.c...
compiling dfu_init_template.c...
compiling hci_mem_pool.c...
compiling spi_slave_com_interface.c...
compiling dfu_transport_spi_slave.c...
compiling app_scheduler_mod.c...
compiling bootloader.c...
compiling dfu_single_bank.c...
compiling softdevice_handler.c...
compiling softdevice_handler_appsh.c...
compiling system_nrf51.c...
linking...
Program Size: Code=7480 RO-data=288 RW-data=180 ZI-data=5168  
FromELF: creating hex file...
".\_build\nrf51422_xxac.axf" - 0 Error(s), 0 Warning(s).
*** Completed Cross-Module-Optimization after 3 iteration(s).

<h2>Software Packages used:</h2>

Package Vendor: ARM
                http://www.keil.com/pack/ARM.CMSIS.4.3.0.pack
                ARM::CMSIS:CORE:4.1.0
                CMSIS (Cortex Microcontroller Software Interface Standard)
   * Component: CORE Version: 4.1.0

Package Vendor: NordicSemiconductor
                http://developer.nordicsemi.com/nRF51_SDK/pieces/nRF_DeviceFamilyPack/NordicSemiconductor.nRF_DeviceFamilyPack.8.0.3.pack
                NordicSemiconductor::Device:Startup:8.0.3
                Nordic Semiconductor nRF ARM devices Device Family Pack.
   * Component: Startup Version: 8.0.3

<h2>Collection of Component include folders:</h2>
  C:\Vidar\Customer\VASCO\nRF51_SDK_8.1.0_VASCO_TOR_240915\examples\vasco-spi-slave-dfu\bootloader_simple_spi_slave\pca10028\single_bank_serial_s110\arm5_no_packs\RTE
  C:\Keil_v5\ARM\PACK\ARM\CMSIS\4.3.0\CMSIS\Include
  C:\Keil_v5\ARM\PACK\NordicSemiconductor\nRF_DeviceFamilyPack\8.0.3\Device\Include
  C:\Keil_v5\ARM\PACK\NordicSemiconductor\nRF_InternalDeviceFamilyPack\8.0.0\Device\Include

<h2>Collection of Component Files used:</h2>

   * Component: ARM::CMSIS:CORE:4.1.0

   * Component: NordicSemiconductor::Device:Startup:8.0.3
      Source file:   Device\Source\arm\arm_startup_nrf51.s
      Source file:   Device\Source\system_nrf51.c
      Include file:  Device\Include\system_nrf51.h
</pre>
</body>
</html>
